AR int_drukknop behavioral C:/Users/Robin/Documents/Mindstorm/VHDL-Mindstorm-NXT/drukknop.vhd sub00/vhpl05 1448901403
AR main behavioral C:/Users/Robin/Documents/Mindstorm/VHDL-Mindstorm-NXT/main.vhd sub00/vhpl01 1448901405
EN int_drukknop NULL C:/Users/Robin/Documents/Mindstorm/VHDL-Mindstorm-NXT/drukknop.vhd sub00/vhpl04 1448901402
EN i2c_master NULL C:/Users/Robin/Documents/Mindstorm/VHDL-Mindstorm-NXT/i2c_master.vhd sub00/vhpl02 1448901400
EN main NULL C:/Users/Robin/Documents/Mindstorm/VHDL-Mindstorm-NXT/main.vhd sub00/vhpl00 1448901404
AR i2c_master logic C:/Users/Robin/Documents/Mindstorm/VHDL-Mindstorm-NXT/i2c_master.vhd sub00/vhpl03 1448901401
