AR int_drukknop behavioral C:/Users/Robin/Documents/Mindstorm/VHDL-Mindstorm-NXT/drukknop.vhd sub00/vhpl05 1447448720
AR main behavioral C:/Users/Robin/Documents/Mindstorm/VHDL-Mindstorm-NXT/main.vhd sub00/vhpl01 1447448722
EN int_drukknop NULL C:/Users/Robin/Documents/Mindstorm/VHDL-Mindstorm-NXT/drukknop.vhd sub00/vhpl04 1447448719
EN i2c_master NULL C:/Users/Robin/Documents/Mindstorm/VHDL-Mindstorm-NXT/i2c_master.vhd sub00/vhpl02 1447448717
EN main NULL C:/Users/Robin/Documents/Mindstorm/VHDL-Mindstorm-NXT/main.vhd sub00/vhpl00 1447448721
AR i2c_master logic C:/Users/Robin/Documents/Mindstorm/VHDL-Mindstorm-NXT/i2c_master.vhd sub00/vhpl03 1447448718
