AR main behavioral C:/Users/Robin/Documents/Mindstorm/VHDL-Mindstorm-NXT/main.vhd sub00/vhpl01 1444639401
EN i2c_master NULL C:/Users/Robin/Documents/Mindstorm/VHDL-Mindstorm-NXT/i2c_master.vhd sub00/vhpl02 1444639398
EN main NULL C:/Users/Robin/Documents/Mindstorm/VHDL-Mindstorm-NXT/main.vhd sub00/vhpl00 1444639400
AR i2c_master logic C:/Users/Robin/Documents/Mindstorm/VHDL-Mindstorm-NXT/i2c_master.vhd sub00/vhpl03 1444639399
