V3 11
FL C:/Users/Robin/Documents/Mindstorm/VHDL-Mindstorm-NXT/drukknop.vhd 2015/10/26.16:43:51 P.20131013
EN work/int_drukknop 1447448719 \
      FL C:/Users/Robin/Documents/Mindstorm/VHDL-Mindstorm-NXT/drukknop.vhd \
      PB ieee/std_logic_1164 1381692176 PB ieee/STD_LOGIC_UNSIGNED 1381692179
AR work/int_drukknop/Behavioral 1447448720 \
      FL C:/Users/Robin/Documents/Mindstorm/VHDL-Mindstorm-NXT/drukknop.vhd \
      EN work/int_drukknop 1447448719
FL C:/Users/Robin/Documents/Mindstorm/VHDL-Mindstorm-NXT/i2c_master.vhd 2015/11/09.17:25:58 P.20131013
EN work/i2c_master 1447448717 \
      FL C:/Users/Robin/Documents/Mindstorm/VHDL-Mindstorm-NXT/i2c_master.vhd \
      PB ieee/std_logic_1164 1381692176 PB ieee/STD_LOGIC_UNSIGNED 1381692179
AR work/i2c_master/logic 1447448718 \
      FL C:/Users/Robin/Documents/Mindstorm/VHDL-Mindstorm-NXT/i2c_master.vhd \
      EN work/i2c_master 1447448717
FL C:/Users/Robin/Documents/Mindstorm/VHDL-Mindstorm-NXT/main.vhd 2015/11/13.22:05:09 P.20131013
EN work/main 1447448721 \
      FL C:/Users/Robin/Documents/Mindstorm/VHDL-Mindstorm-NXT/main.vhd \
      PB ieee/std_logic_1164 1381692176
AR work/main/Behavioral 1447448722 \
      FL C:/Users/Robin/Documents/Mindstorm/VHDL-Mindstorm-NXT/main.vhd \
      EN work/main 1447448721 CP i2c_master CP int_drukknop
