V3 11
FL C:/Users/Robin/Documents/Mindstorm/VHDL-Mindstorm-NXT/drukknop.vhd 2015/10/26.16:43:51 P.20131013
EN work/int_drukknop 1448901402 \
      FL C:/Users/Robin/Documents/Mindstorm/VHDL-Mindstorm-NXT/drukknop.vhd \
      PB ieee/std_logic_1164 1381692176 PB ieee/STD_LOGIC_UNSIGNED 1381692179
AR work/int_drukknop/Behavioral 1448901403 \
      FL C:/Users/Robin/Documents/Mindstorm/VHDL-Mindstorm-NXT/drukknop.vhd \
      EN work/int_drukknop 1448901402
FL C:/Users/Robin/Documents/Mindstorm/VHDL-Mindstorm-NXT/i2c_master.vhd 2015/11/09.17:25:58 P.20131013
EN work/i2c_master 1448901400 \
      FL C:/Users/Robin/Documents/Mindstorm/VHDL-Mindstorm-NXT/i2c_master.vhd \
      PB ieee/std_logic_1164 1381692176 PB ieee/STD_LOGIC_UNSIGNED 1381692179
AR work/i2c_master/logic 1448901401 \
      FL C:/Users/Robin/Documents/Mindstorm/VHDL-Mindstorm-NXT/i2c_master.vhd \
      EN work/i2c_master 1448901400
FL C:/Users/Robin/Documents/Mindstorm/VHDL-Mindstorm-NXT/main.vhd 2015/11/30.17:36:07 P.20131013
EN work/main 1448901404 \
      FL C:/Users/Robin/Documents/Mindstorm/VHDL-Mindstorm-NXT/main.vhd \
      PB ieee/std_logic_1164 1381692176 PB ieee/NUMERIC_STD 1381692181
AR work/main/Behavioral 1448901405 \
      FL C:/Users/Robin/Documents/Mindstorm/VHDL-Mindstorm-NXT/main.vhd \
      EN work/main 1448901404 CP i2c_master CP int_drukknop
