V3 7
FL C:/Users/Robin/Documents/Mindstorm/VHDL-Mindstorm-NXT/i2c_master.vhd 2015/10/25.16:50:36 P.20131013
EN work/i2c_master 1445789412 \
      FL C:/Users/Robin/Documents/Mindstorm/VHDL-Mindstorm-NXT/i2c_master.vhd \
      PB ieee/std_logic_1164 1381692176 PB ieee/STD_LOGIC_UNSIGNED 1381692179
AR work/i2c_master/logic 1445789413 \
      FL C:/Users/Robin/Documents/Mindstorm/VHDL-Mindstorm-NXT/i2c_master.vhd \
      EN work/i2c_master 1445789412
FL C:/Users/Robin/Documents/Mindstorm/VHDL-Mindstorm-NXT/main.vhd 2015/10/25.17:06:51 P.20131013
EN work/main 1445789414 \
      FL C:/Users/Robin/Documents/Mindstorm/VHDL-Mindstorm-NXT/main.vhd \
      PB ieee/std_logic_1164 1381692176
AR work/main/Behavioral 1445789415 \
      FL C:/Users/Robin/Documents/Mindstorm/VHDL-Mindstorm-NXT/main.vhd \
      EN work/main 1445789414 CP i2c_master
